Component: ARM Compiler 5.05 update 2 (build 169) Tool: armlink [4d0f33]

==============================================================================

Section Cross References

    startup_stm32f10x_hd.o(RESET) refers to startup_stm32f10x_hd.o(STACK) for __initial_sp
    startup_stm32f10x_hd.o(RESET) refers to startup_stm32f10x_hd.o(.text) for Reset_Handler
    startup_stm32f10x_hd.o(RESET) refers to los_hwi.o(.text) for PendSV_Handler
    startup_stm32f10x_hd.o(RESET) refers to stm32f10x_it.o(.text) for USART3_IRQHandler
    startup_stm32f10x_hd.o(.text) refers to system_stm32f10x.o(.text) for SystemInit
    startup_stm32f10x_hd.o(.text) refers to entry.o(.ARM.Collect$$$$00000000) for __main
    system_stm32f10x.o(.text) refers to system_stm32f10x.o(.data) for .data
    stm32f10x_adc.o(.text) refers to stm32f10x_rcc.o(.text) for RCC_APB2PeriphResetCmd
    stm32f10x_bkp.o(.text) refers to stm32f10x_rcc.o(.text) for RCC_BackupResetCmd
    stm32f10x_can.o(.text) refers to stm32f10x_rcc.o(.text) for RCC_APB1PeriphResetCmd
    stm32f10x_cec.o(.text) refers to stm32f10x_rcc.o(.text) for RCC_APB1PeriphResetCmd
    stm32f10x_dac.o(.text) refers to stm32f10x_rcc.o(.text) for RCC_APB1PeriphResetCmd
    stm32f10x_gpio.o(.text) refers to stm32f10x_rcc.o(.text) for RCC_APB2PeriphResetCmd
    stm32f10x_i2c.o(.text) refers to stm32f10x_rcc.o(.text) for RCC_APB1PeriphResetCmd
    stm32f10x_pwr.o(.text) refers to stm32f10x_rcc.o(.text) for RCC_APB1PeriphResetCmd
    stm32f10x_rcc.o(.text) refers to stm32f10x_rcc.o(.data) for .data
    stm32f10x_spi.o(.text) refers to stm32f10x_rcc.o(.text) for RCC_APB2PeriphResetCmd
    stm32f10x_tim.o(.text) refers to stm32f10x_rcc.o(.text) for RCC_APB2PeriphResetCmd
    stm32f10x_usart.o(.text) refers to stm32f10x_rcc.o(.text) for RCC_APB2PeriphResetCmd
    stm32f10x_wwdg.o(.text) refers to stm32f10x_rcc.o(.text) for RCC_APB1PeriphResetCmd
    main.o(.text) refers to memseta.o(.text) for __aeabi_memclr4
    main.o(.text) refers to printfa.o(i.__0printf) for __2printf
    main.o(.text) refers to stm32f10x_gpio.o(.text) for GPIO_SetBits
    main.o(.text) refers to bsp_esp8266.o(.text) for ESP8266_AT_Test
    main.o(.text) refers to printfa.o(i.__0sprintf) for __2sprintf
    main.o(.text) refers to los_task.o(.text) for LOS_TaskDelay
    main.o(.text) refers to oled_i2c.o(.text) for OLED_Init
    main.o(.text) refers to strlen.o(.text) for strlen
    main.o(.text) refers to xfs5152.o(.text) for XFS_FrameInfo
    main.o(.text) refers to stm32f10x_usart.o(.text) for USART_ITConfig
    main.o(.text) refers to los_sem.o(.text) for LOS_SemPost
    main.o(.text) refers to ffltui.o(.text) for __aeabi_ui2f
    main.o(.text) refers to fscalb.o(.text) for __ARM_scalbnf
    main.o(.text) refers to f2d.o(.text) for __aeabi_f2d
    main.o(.text) refers to dmul.o(.text) for __aeabi_dmul
    main.o(.text) refers to d2f.o(.text) for __aeabi_d2f
    main.o(.text) refers to main.o(.data) for .data
    main.o(.text) refers to bsp_esp8266.o(.bss) for strEsp8266_Fram_Record
    main.o(.text) refers to main.o(.conststring) for .conststring
    main.o(.text) refers to oled_i2c.o(.constdata) for BMP4_0
    main.o(.text) refers to oled_i2c.o(.constdata) for BMP5_0
    main.o(.text) refers to xfs5152.o(.constdata) for voice_ShanWaiKeJi
    main.o(.text) refers to xfs5152.o(.constdata) for voice_ChooseMode
    main.o(.text) refers to xfs5152.o(.constdata) for voice_InitDevice
    main.o(.text) refers to xfs5152.o(.constdata) for voice_SystermStart
    main.o(.text) refers to oled_i2c.o(.constdata) for BMP1
    main.o(.text) refers to main.o(.bss) for .bss
    main.o(.text) refers to bsp_adc.o(.data) for ADC_ConvertedValue
    main.o(.text) refers to oled_i2c.o(.constdata) for BMP2
    main.o(.text) refers to oled_i2c.o(.constdata) for BMP4_1
    main.o(.text) refers to oled_i2c.o(.constdata) for BMP4_2
    main.o(.text) refers to los_event.o(.text) for LOS_EventRead
    main.o(.text) refers to los_mux.o(.text) for LOS_MuxPend
    main.o(.text) refers to bsp_spi_flash.o(.text) for SPI_FLASH_ReadDeviceID
    main.o(.text) refers to oled_i2c.o(.constdata) for BMP4_3
    main.o(.text) refers to oled_i2c.o(.constdata) for BMP4_4
    main.o(.text) refers to oled_i2c.o(.constdata) for BMP5_1
    main.o(.text) refers to oled_i2c.o(.constdata) for BMP5_2
    main.o(.text) refers to oled_i2c.o(.constdata) for BMP5_3
    main.o(.text) refers to oled_i2c.o(.constdata) for BMP5_4
    main.o(.text) refers to oled_i2c.o(.constdata) for BMP5_5
    main.o(.text) refers to oled_i2c.o(.constdata) for BMP_VOICE_0
    main.o(.text) refers to oled_i2c.o(.constdata) for BMP_VOICE_1
    main.o(.text) refers to oled_i2c.o(.constdata) for BMP_VOICE_2
    main.o(.text) refers to oled_i2c.o(.constdata) for BMP_VOICE_3
    main.o(.text) refers to oled_i2c.o(.constdata) for BMP_VOICE_4
    main.o(.text) refers to oled_i2c.o(.constdata) for BMP_VOICE_5
[...]
    .constdata                               0x0800af54   Section     1024  oled_i2c.o(.constdata)
    .constdata                               0x0800b354   Section     1024  oled_i2c.o(.constdata)
    .constdata                               0x0800b754   Section     1024  oled_i2c.o(.constdata)
    .constdata                               0x0800bb54   Section     1024  oled_i2c.o(.constdata)
    .constdata                               0x0800bf54   Section     1024  oled_i2c.o(.constdata)
    .constdata                               0x0800c354   Section     1024  oled_i2c.o(.constdata)
    .constdata                               0x0800c754   Section     1024  oled_i2c.o(.constdata)
    .constdata                               0x0800cb54   Section     1024  oled_i2c.o(.constdata)
    .constdata                               0x0800cf54   Section     1024  oled_i2c.o(.constdata)
    .constdata                               0x0800d354   Section     1024  oled_i2c.o(.constdata)
    .constdata                               0x0800d754   Section        9  xfs5152.o(.constdata)
    .constdata                               0x0800d75d   Section       11  xfs5152.o(.constdata)
    .constdata                               0x0800d768   Section       11  xfs5152.o(.constdata)
    .constdata                               0x0800d773   Section       11  xfs5152.o(.constdata)
    .constdata                               0x0800d77e   Section        5  xfs5152.o(.constdata)
    .constdata                               0x0800d783   Section        7  xfs5152.o(.constdata)
    .constdata                               0x0800d78a   Section        7  xfs5152.o(.constdata)
    .constdata                               0x0800d791   Section        7  xfs5152.o(.constdata)
    .constdata                               0x0800d798   Section        7  xfs5152.o(.constdata)
    .constdata                               0x0800d79f   Section        7  xfs5152.o(.constdata)
    .conststring                             0x0800d7a8   Section     1139  main.o(.conststring)
    .conststring                             0x0800dc1c   Section      336  los_task.o(.conststring)
    .data                                    0x20000000   Section       20  system_stm32f10x.o(.data)
    .data                                    0x20000014   Section       20  stm32f10x_rcc.o(.data)
    ADCPrescTable                            0x20000014   Data           4  stm32f10x_rcc.o(.data)
    APBAHBPrescTable                         0x20000018   Data          16  stm32f10x_rcc.o(.data)
    .data                                    0x20000028   Section      316  main.o(.data)
    .data                                    0x20000164   Section        1  main.o(.data)
    .data                                    0x20000165   Section      128  oled_i2c.o(.data)
    .data                                    0x200001e6   Section        2  bsp_adc.o(.data)
    .data                                    0x200001e8   Section        4  los_priqueue.o(.data)
    .data                                    0x200001ec   Section       16  los_swtmr.o(.data)
    .data                                    0x200001fc   Section       72  los_task.o(.data)
    .data                                    0x20000248   Section       16  los_tick.o(.data)
    .data                                    0x20000258   Section        4  los_tick.o(.data)
    .data                                    0x2000025c   Section       12  los_mux.o(.data)
    .data                                    0x20000268   Section       12  los_queue.o(.data)
    .data                                    0x20000274   Section       12  los_sem.o(.data)
    .data                                    0x20000280   Section       16  los_heap.o(.data)
    g_uwAllocCount                           0x20000280   Data           4  los_heap.o(.data)
    g_uwFreeCount                            0x20000284   Data           4  los_heap.o(.data)
    g_uwCurHeapUsed                          0x20000288   Data           4  los_heap.o(.data)
    g_uwMaxHeapUsed                          0x2000028c   Data           4  los_heap.o(.data)
    .data                                    0x20000290   Section        4  los_err.o(.data)
    .data                                    0x20000294   Section        4  los_init.o(.data)
    .data                                    0x20000298   Section        4  los_memory.o(.data)
    .data                                    0x2000029c   Section        4  stdout.o(.data)
    .bss                                     0x200002a0   Section      298  main.o(.bss)
    .bss                                     0x200003ca   Section     1026  bsp_esp8266.o(.bss)
    .bss                                     0x200007cc   Section      342  los_task.o(.bss)
    STACK                                    0x20000928   Section     1024  startup_stm32f10x_hd.o(STACK)

    Global Symbols

    Symbol Name                              Value     Ov Type        Size  Object(Section)

    BuildAttributes$$THM_ISAv4$P$D$K$B$S$PE$A:L22UL41UL21$X:L11$S22US41US21$IEEE1$IW$USESV6$~STKCKD$USESV7$~SHL$OTIME$ROPI$EBA8$MICROLIB$REQ8$PRES8$EABIv2 0x00000000   Number         0  anon$$obj.o ABSOLUTE
    __ARM_use_no_argv                        0x00000000   Number         0  main.o ABSOLUTE
    _printf_a                                0x00000000   Number         0  stubs.o ABSOLUTE
    _printf_c                                0x00000000   Number         0  stubs.o ABSOLUTE
    _printf_charcount                        0x00000000   Number         0  stubs.o ABSOLUTE
    _printf_d                                0x00000000   Number         0  stubs.o ABSOLUTE
    _printf_e                                0x00000000   Number         0  stubs.o ABSOLUTE
    _printf_f                                0x00000000   Number         0  stubs.o ABSOLUTE
    _printf_flags                            0x00000000   Number         0  stubs.o ABSOLUTE
    _printf_fp_dec                           0x00000000   Number         0  stubs.o ABSOLUTE
    _printf_fp_hex                           0x00000000   Number         0  stubs.o ABSOLUTE
    _printf_g                                0x00000000   Number         0  stubs.o ABSOLUTE
    _printf_i                                0x00000000   Number         0  stubs.o ABSOLUTE
    _printf_int_dec                          0x00000000   Number         0  stubs.o ABSOLUTE
    _printf_l                                0x00000000   Number         0  stubs.o ABSOLUTE
    _printf_lc                               0x00000000   Number         0  stubs.o ABSOLUTE
    _printf_ll                               0x00000000   Number         0  stubs.o ABSOLUTE
    _printf_lld                              0x00000000   Number         0  stubs.o ABSOLUTE
    _printf_lli                              0x00000000   Number         0  stubs.o ABSOLUTE
    _printf_llo                              0x00000000   Number         0  stubs.o ABSOLUTE
    _printf_llu                              0x00000000   Number         0  stubs.o ABSOLUTE
    _printf_llx                              0x00000000   Number         0  stubs.o ABSOLUTE
    _printf_longlong_dec                     0x00000000   Number         0  stubs.o ABSOLUTE
    _printf_longlong_hex                     0x00000000   Number         0  stubs.o ABSOLUTE
    _printf_longlong_oct                     0x00000000   Number         0  stubs.o ABSOLUTE
    _printf_ls                               0x00000000   Number         0  stubs.o ABSOLUTE
    _printf_mbtowc                           0x00000000   Number         0  stubs.o ABSOLUTE
    _printf_n                                0x00000000   Number         0  stubs.o ABSOLUTE
    _printf_o                                0x00000000   Number         0  stubs.o ABSOLUTE
    _printf_p                                0x00000000   Number         0  stubs.o ABSOLUTE
    _printf_percent                          0x00000000   Number         0  stubs.o ABSOLUTE
    _printf_pre_padding                      0x00000000   Number         0  stubs.o ABSOLUTE
    _printf_return_value                     0x00000000   Number         0  stubs.o ABSOLUTE
    _printf_s                                0x00000000   Number         0  stubs.o ABSOLUTE
    _printf_sizespec                         0x00000000   Number         0  stubs.o ABSOLUTE
    _printf_str                              0x00000000   Number         0  stubs.o ABSOLUTE
    _printf_truncate_signed                  0x00000000   Number         0  stubs.o ABSOLUTE
    _printf_truncate_unsigned                0x00000000   Number         0  stubs.o ABSOLUTE
    _printf_u                                0x00000000   Number         0  stubs.o ABSOLUTE
    _printf_wc                               0x00000000   Number         0  stubs.o ABSOLUTE
    _printf_wctomb                           0x00000000   Number         0  stubs.o ABSOLUTE
    _printf_widthprec                        0x00000000   Number         0  stubs.o ABSOLUTE
    _printf_x                                0x00000000   Number         0  stubs.o ABSOLUTE
    __cpp_initialize__aeabi_                  - Undefined Weak Reference
    __cxa_finalize                            - Undefined Weak Reference
    _clock_init                               - Undefined Weak Reference
    _microlib_exit                            - Undefined Weak Reference
    __Vectors_Size                           0x00000130   Number         0  startup_stm32f10x_hd.o ABSOLUTE
    __Vectors                                0x08000000   Data           4  startup_stm32f10x_hd.o(RESET)
    __Vectors_End                            0x08000130   Data           0  startup_stm32f10x_hd.o(RESET)
    __main                                   0x08000131   Thumb Code     0  entry.o(.ARM.Collect$$$$00000000)
    _main_stk                                0x08000131   Thumb Code     0  entry2.o(.ARM.Collect$$$$00000001)
    _main_scatterload                        0x08000135   Thumb Code     0  entry5.o(.ARM.Collect$$$$00000004)
    __main_after_scatterload                 0x08000139   Thumb Code     0  entry5.o(.ARM.Collect$$$$00000004)
    _main_clock                              0x08000139   Thumb Code     0  entry7b.o(.ARM.Collect$$$$00000008)
    _main_cpp_init                           0x08000139   Thumb Code     0  entry8b.o(.ARM.Collect$$$$0000000A)
    _main_init                               0x08000139   Thumb Code     0  entry9a.o(.ARM.Collect$$$$0000000B)
    __rt_final_cpp                           0x08000141   Thumb Code     0  entry10a.o(.ARM.Collect$$$$0000000D)
    __rt_final_exit                          0x08000141   Thumb Code     0  entry11a.o(.ARM.Collect$$$$0000000F)
    Reset_Handler                            0x08000145   Thumb Code     8  startup_stm32f10x_hd.o(.text)
    NMI_Handler                              0x0800014d   Thumb Code     2  startup_stm32f10x_hd.o(.text)
    HardFault_Handler                        0x0800014f   Thumb Code     2  startup_stm32f10x_hd.o(.text)
    MemManage_Handler                        0x08000151   Thumb Code     2  startup_stm32f10x_hd.o(.text)
    BusFault_Handler                         0x08000153   Thumb Code     2  startup_stm32f10x_hd.o(.text)
    UsageFault_Handler                       0x08000155   Thumb Code     2  startup_stm32f10x_hd.o(.text)
    SVC_Handler                              0x08000157   Thumb Code     2  startup_stm32f10x_hd.o(.text)
    DebugMon_Handler                         0x08000159   Thumb Code     2  startup_stm32f10x_hd.o(.text)
    ADC1_2_IRQHandler                        0x0800015f   Thumb Code     0  startup_stm32f10x_hd.o(.text)
    ADC3_IRQHandler                          0x0800015f   Thumb Code     0  startup_stm32f10x_hd.o(.text)
    CAN1_RX1_IRQHandler                      0x0800015f   Thumb Code     0  startup_stm32f10x_hd.o(.text)
    CAN1_SCE_IRQHandler                      0x0800015f   Thumb Code     0  startup_stm32f10x_hd.o(.text)
    DMA1_Channel1_IRQHandler                 0x0800015f   Thumb Code     0  startup_stm32f10x_hd.o(.text)
    DMA1_Channel2_IRQHandler                 0x0800015f   Thumb Code     0  startup_stm32f10x_hd.o(.text)
    DMA1_Channel3_IRQHandler                 0x0800015f   Thumb Code     0  startup_stm32f10x_hd.o(.text)
    DMA1_Channel4_IRQHandler                 0x0800015f   Thumb Code     0  startup_stm32f10x_hd.o(.text)
    DMA1_Channel5_IRQHandler                 0x0800015f   Thumb Code     0  startup_stm32f10x_hd.o(.text)
    DMA1_Channel6_IRQHandler                 0x0800015f   Thumb Code     0  startup_stm32f10x_hd.o(.text)
    DMA1_Channel7_IRQHandler                 0x0800015f   Thumb Code     0  startup_stm32f10x_hd.o(.text)
    DMA2_Channel1_IRQHandler                 0x0800015f   Thumb Code     0  startup_stm32f10x_hd.o(.text)
    DMA2_Channel2_IRQHandler                 0x0800015f   Thumb Code     0  startup_stm32f10x_hd.o(.text)
    DMA2_Channel3_IRQHandler                 0x0800015f   Thumb Code     0  startup_stm32f10x_hd.o(.text)
    DMA2_Channel4_5_IRQHandler               0x0800015f   Thumb Code     0  startup_stm32f10x_hd.o(.text)
    EXTI0_IRQHandler                         0x0800015f   Thumb Code     0  startup_stm32f10x_hd.o(.text)
    EXTI15_10_IRQHandler                     0x0800015f   Thumb Code     0  startup_stm32f10x_hd.o(.text)
    EXTI1_IRQHandler                         0x0800015f   Thumb Code     0  startup_stm32f10x_hd.o(.text)
    EXTI2_IRQHandler                         0x0800015f   Thumb Code     0  startup_stm32f10x_hd.o(.text)
    EXTI3_IRQHandler                         0x0800015f   Thumb Code     0  startup_stm32f10x_hd.o(.text)
    EXTI4_IRQHandler                         0x0800015f   Thumb Code     0  startup_stm32f10x_hd.o(.text)
    EXTI9_5_IRQHandler                       0x0800015f   Thumb Code     0  startup_stm32f10x_hd.o(.text)
    FLASH_IRQHandler                         0x0800015f   Thumb Code     0  startup_stm32f10x_hd.o(.text)
    FSMC_IRQHandler                          0x0800015f   Thumb Code     0  startup_stm32f10x_hd.o(.text)
    I2C1_ER_IRQHandler                       0x0800015f   Thumb Code     0  startup_stm32f10x_hd.o(.text)
    I2C1_EV_IRQHandler                       0x0800015f   Thumb Code     0  startup_stm32f10x_hd.o(.text)
    I2C2_ER_IRQHandler                       0x0800015f   Thumb Code     0  startup_stm32f10x_hd.o(.text)
    I2C2_EV_IRQHandler                       0x0800015f   Thumb Code     0  startup_stm32f10x_hd.o(.text)
    PVD_IRQHandler                           0x0800015f   Thumb Code     0  startup_stm32f10x_hd.o(.text)
    RCC_IRQHandler                           0x0800015f   Thumb Code     0  startup_stm32f10x_hd.o(.text)
    RTCAlarm_IRQHandler                      0x0800015f   Thumb Code     0  startup_stm32f10x_hd.o(.text)
    RTC_IRQHandler                           0x0800015f   Thumb Code     0  startup_stm32f10x_hd.o(.text)
    SDIO_IRQHandler                          0x0800015f   Thumb Code     0  startup_stm32f10x_hd.o(.text)
    SPI1_IRQHandler                          0x0800015f   Thumb Code     0  startup_stm32f10x_hd.o(.text)
    SPI2_IRQHandler                          0x0800015f   Thumb Code     0  startup_stm32f10x_hd.o(.text)
    SPI3_IRQHandler                          0x0800015f   Thumb Code     0  startup_stm32f10x_hd.o(.text)
    TAMPER_IRQHandler                        0x0800015f   Thumb Code     0  startup_stm32f10x_hd.o(.text)
    TIM1_BRK_IRQHandler                      0x0800015f   Thumb Code     0  startup_stm32f10x_hd.o(.text)
    TIM1_CC_IRQHandler                       0x0800015f   Thumb Code     0  startup_stm32f10x_hd.o(.text)
    TIM1_TRG_COM_IRQHandler                  0x0800015f   Thumb Code     0  startup_stm32f10x_hd.o(.text)
    TIM1_UP_IRQHandler                       0x0800015f   Thumb Code     0  startup_stm32f10x_hd.o(.text)
    TIM2_IRQHandler                          0x0800015f   Thumb Code     0  startup_stm32f10x_hd.o(.text)
    TIM3_IRQHandler                          0x0800015f   Thumb Code     0  startup_stm32f10x_hd.o(.text)
    TIM4_IRQHandler                          0x0800015f   Thumb Code     0  startup_stm32f10x_hd.o(.text)
    TIM5_IRQHandler                          0x0800015f   Thumb Code     0  startup_stm32f10x_hd.o(.text)
    TIM6_IRQHandler                          0x0800015f   Thumb Code     0  startup_stm32f10x_hd.o(.text)
    TIM7_IRQHandler                          0x0800015f   Thumb Code     0  startup_stm32f10x_hd.o(.text)
    TIM8_BRK_IRQHandler                      0x0800015f   Thumb Code     0  startup_stm32f10x_hd.o(.text)
    TIM8_CC_IRQHandler                       0x0800015f   Thumb Code     0  startup_stm32f10x_hd.o(.text)
    TIM8_TRG_COM_IRQHandler                  0x0800015f   Thumb Code     0  startup_stm32f10x_hd.o(.text)
    TIM8_UP_IRQHandler                       0x0800015f   Thumb Code     0  startup_stm32f10x_hd.o(.text)
    USART1_IRQHandler                        0x0800015f   Thumb Code     0  startup_stm32f10x_hd.o(.text)
    USART2_IRQHandler                        0x0800015f   Thumb Code     0  startup_stm32f10x_hd.o(.text)
    USBWakeUp_IRQHandler                     0x0800015f   Thumb Code     0  startup_stm32f10x_hd.o(.text)
    USB_HP_CAN1_TX_IRQHandler                0x0800015f   Thumb Code     0  startup_stm32f10x_hd.o(.text)
    USB_LP_CAN1_RX0_IRQHandler               0x0800015f   Thumb Code     0  startup_stm32f10x_hd.o(.text)
    WWDG_IRQHandler                          0x0800015f   Thumb Code     0  startup_stm32f10x_hd.o(.text)
    SystemInit                               0x08000211   Thumb Code    64  system_stm32f10x.o(.text)
    SystemCoreClockUpdate                    0x08000251   Thumb Code   106  system_stm32f10x.o(.text)
    NVIC_PriorityGroupConfig                 0x080002dd   Thumb Code    10  misc.o(.text)
    NVIC_Init                                0x080002e7   Thumb Code    96  misc.o(.text)
    NVIC_SetVectorTable                      0x08000347   Thumb Code    14  misc.o(.text)
    NVIC_SystemLPConfig                      0x08000355   Thumb Code    24  misc.o(.text)
    SysTick_CLKSourceConfig                  0x0800036d   Thumb Code    28  misc.o(.text)
    ADC_DeInit                               0x08000395   Thumb Code    88  stm32f10x_adc.o(.text)
    ADC_Init                                 0x080003ed   Thumb Code    62  stm32f10x_adc.o(.text)
    ADC_StructInit                           0x0800042b   Thumb Code    18  stm32f10x_adc.o(.text)
    ADC_Cmd                                  0x0800043d   Thumb Code    24  stm32f10x_adc.o(.text)
    ADC_DMACmd                               0x08000455   Thumb Code    24  stm32f10x_adc.o(.text)
    ADC_ITConfig                             0x0800046d   Thumb Code    22  stm32f10x_adc.o(.text)
    ADC_ResetCalibration                     0x08000483   Thumb Code    10  stm32f10x_adc.o(.text)
    ADC_GetResetCalibrationStatus            0x0800048d   Thumb Code    14  stm32f10x_adc.o(.text)
    ADC_StartCalibration                     0x0800049b   Thumb Code    10  stm32f10x_adc.o(.text)
    ADC_GetCalibrationStatus                 0x080004a5   Thumb Code    14  stm32f10x_adc.o(.text)
    ADC_SoftwareStartConvCmd                 0x080004b3   Thumb Code    24  stm32f10x_adc.o(.text)
    ADC_GetSoftwareStartConvStatus           0x080004cb   Thumb Code    14  stm32f10x_adc.o(.text)
    ADC_DiscModeChannelCountConfig           0x080004d9   Thumb Code    16  stm32f10x_adc.o(.text)
    ADC_DiscModeCmd                          0x080004e9   Thumb Code    24  stm32f10x_adc.o(.text)
    ADC_RegularChannelConfig                 0x08000501   Thumb Code   116  stm32f10x_adc.o(.text)
    ADC_ExternalTrigConvCmd                  0x08000575   Thumb Code    24  stm32f10x_adc.o(.text)
    ADC_GetConversionValue                   0x0800058d   Thumb Code     6  stm32f10x_adc.o(.text)
    ADC_GetDualModeConversionValue           0x08000593   Thumb Code     8  stm32f10x_adc.o(.text)
    ADC_AutoInjectedConvCmd                  0x0800059b   Thumb Code    24  stm32f10x_adc.o(.text)
    ADC_InjectedDiscModeCmd                  0x080005b3   Thumb Code    24  stm32f10x_adc.o(.text)
    ADC_ExternalTrigInjectedConvConfig       0x080005cb   Thumb Code    12  stm32f10x_adc.o(.text)
    ADC_ExternalTrigInjectedConvCmd          0x080005d7   Thumb Code    24  stm32f10x_adc.o(.text)
    ADC_SoftwareStartInjectedConvCmd         0x080005ef   Thumb Code    24  stm32f10x_adc.o(.text)
    ADC_GetSoftwareStartInjectedConvCmdStatus 0x08000607   Thumb Code    14  stm32f10x_adc.o(.text)
    ADC_InjectedChannelConfig                0x08000615   Thumb Code    74  stm32f10x_adc.o(.text)
    ADC_InjectedSequencerLengthConfig        0x0800065f   Thumb Code    16  stm32f10x_adc.o(.text)
    ADC_SetInjectedOffset                    0x0800066f   Thumb Code    16  stm32f10x_adc.o(.text)
    ADC_GetInjectedConversionValue           0x0800067f   Thumb Code    20  stm32f10x_adc.o(.text)
    ADC_AnalogWatchdogCmd                    0x08000693   Thumb Code    12  stm32f10x_adc.o(.text)
    ADC_AnalogWatchdogThresholdsConfig       0x0800069f   Thumb Code     6  stm32f10x_adc.o(.text)
    ADC_AnalogWatchdogSingleChannelConfig    0x080006a5   Thumb Code    12  stm32f10x_adc.o(.text)
    ADC_TempSensorVrefintCmd                 0x080006b1   Thumb Code    28  stm32f10x_adc.o(.text)
    ADC_GetFlagStatus                        0x080006cd   Thumb Code    14  stm32f10x_adc.o(.text)
    ADC_ClearFlag                            0x080006db   Thumb Code     6  stm32f10x_adc.o(.text)
    ADC_GetITStatus                          0x080006e1   Thumb Code    28  stm32f10x_adc.o(.text)
    ADC_ClearITPendingBit                    0x080006fd   Thumb Code     8  stm32f10x_adc.o(.text)
    DMA_DeInit                               0x0800071d   Thumb Code   238  stm32f10x_dma.o(.text)
    DMA_Init                                 0x0800080b   Thumb Code    58  stm32f10x_dma.o(.text)
    DMA_StructInit                           0x08000845   Thumb Code    26  stm32f10x_dma.o(.text)
    DMA_Cmd                                  0x0800085f   Thumb Code    26  stm32f10x_dma.o(.text)
    DMA_ITConfig                             0x08000879   Thumb Code    20  stm32f10x_dma.o(.text)
    DMA_SetCurrDataCounter                   0x0800088d   Thumb Code     4  stm32f10x_dma.o(.text)
    DMA_GetCurrDataCounter                   0x08000891   Thumb Code     6  stm32f10x_dma.o(.text)
    DMA_GetFlagStatus                        0x08000897   Thumb Code    30  stm32f10x_dma.o(.text)
    DMA_ClearFlag                            0x080008b5   Thumb Code    20  stm32f10x_dma.o(.text)
    DMA_GetITStatus                          0x080008c9   Thumb Code    30  stm32f10x_dma.o(.text)
    DMA_ClearITPendingBit                    0x080008e7   Thumb Code    20  stm32f10x_dma.o(.text)
    GPIO_DeInit                              0x08000905   Thumb Code   188  stm32f10x_gpio.o(.text)
    GPIO_AFIODeInit                          0x080009c1   Thumb Code    22  stm32f10x_gpio.o(.text)
    GPIO_Init                                0x080009d7   Thumb Code   166  stm32f10x_gpio.o(.text)
    GPIO_StructInit                          0x08000a7d   Thumb Code    16  stm32f10x_gpio.o(.text)
    GPIO_ReadInputDataBit                    0x08000a8d   Thumb Code    14  stm32f10x_gpio.o(.text)
    GPIO_ReadInputData                       0x08000a9b   Thumb Code     6  stm32f10x_gpio.o(.text)
    GPIO_ReadOutputDataBit                   0x08000aa1   Thumb Code    14  stm32f10x_gpio.o(.text)
    GPIO_ReadOutputData                      0x08000aaf   Thumb Code     6  stm32f10x_gpio.o(.text)
    GPIO_SetBits                             0x08000ab5   Thumb Code     4  stm32f10x_gpio.o(.text)
    GPIO_ResetBits                           0x08000ab9   Thumb Code     4  stm32f10x_gpio.o(.text)
    GPIO_WriteBit                            0x08000abd   Thumb Code    12  stm32f10x_gpio.o(.text)
    GPIO_Write                               0x08000ac9   Thumb Code     4  stm32f10x_gpio.o(.text)
    GPIO_PinLockConfig                       0x08000acd   Thumb Code    16  stm32f10x_gpio.o(.text)
    GPIO_EventOutputConfig                   0x08000add   Thumb Code    22  stm32f10x_gpio.o(.text)
    GPIO_EventOutputCmd                      0x08000af3   Thumb Code     6  stm32f10x_gpio.o(.text)
    GPIO_PinRemapConfig                      0x08000af9   Thumb Code    86  stm32f10x_gpio.o(.text)
    GPIO_EXTILineConfig                      0x08000b4f   Thumb Code    34  stm32f10x_gpio.o(.text)
    GPIO_ETH_MediaInterfaceConfig            0x08000b71   Thumb Code     8  stm32f10x_gpio.o(.text)
    I2C_DeInit                               0x08000b9d   Thumb Code    52  stm32f10x_i2c.o(.text)
    I2C_Init                                 0x08000bd1   Thumb Code   182  stm32f10x_i2c.o(.text)
    I2C_StructInit                           0x08000c87   Thumb Code    28  stm32f10x_i2c.o(.text)
    I2C_Cmd                                  0x08000ca3   Thumb Code    24  stm32f10x_i2c.o(.text)
    I2C_DMACmd                               0x08000cbb   Thumb Code    24  stm32f10x_i2c.o(.text)
    I2C_DMALastTransferCmd                   0x08000cd3   Thumb Code    24  stm32f10x_i2c.o(.text)
    I2C_GenerateSTART                        0x08000ceb   Thumb Code    24  stm32f10x_i2c.o(.text)
    I2C_GenerateSTOP                         0x08000d03   Thumb Code    24  stm32f10x_i2c.o(.text)
    I2C_AcknowledgeConfig                    0x08000d1b   Thumb Code    24  stm32f10x_i2c.o(.text)
    I2C_OwnAddress2Config                    0x08000d33   Thumb Code    16  stm32f10x_i2c.o(.text)
    I2C_DualAddressCmd                       0x08000d43   Thumb Code    24  stm32f10x_i2c.o(.text)
    I2C_GeneralCallCmd                       0x08000d5b   Thumb Code    24  stm32f10x_i2c.o(.text)
    I2C_ITConfig                             0x08000d73   Thumb Code    20  stm32f10x_i2c.o(.text)
    I2C_SendData                             0x08000d87   Thumb Code     4  stm32f10x_i2c.o(.text)
    I2C_ReceiveData                          0x08000d8b   Thumb Code     6  stm32f10x_i2c.o(.text)
    I2C_Send7bitAddress                      0x08000d91   Thumb Code    18  stm32f10x_i2c.o(.text)
    I2C_ReadRegister                         0x08000da3   Thumb Code    16  stm32f10x_i2c.o(.text)
    I2C_SoftwareResetCmd                     0x08000db3   Thumb Code    24  stm32f10x_i2c.o(.text)
    I2C_NACKPositionConfig                   0x08000dcb   Thumb Code    26  stm32f10x_i2c.o(.text)
    I2C_SMBusAlertConfig                     0x08000de5   Thumb Code    26  stm32f10x_i2c.o(.text)
    I2C_TransmitPEC                          0x08000dff   Thumb Code    24  stm32f10x_i2c.o(.text)
    I2C_PECPositionConfig                    0x08000e17   Thumb Code    26  stm32f10x_i2c.o(.text)
    I2C_CalculatePEC                         0x08000e31   Thumb Code    24  stm32f10x_i2c.o(.text)
    I2C_GetPEC                               0x08000e49   Thumb Code     6  stm32f10x_i2c.o(.text)
    I2C_ARPCmd                               0x08000e4f   Thumb Code    24  stm32f10x_i2c.o(.text)
    I2C_StretchClockCmd                      0x08000e67   Thumb Code    24  stm32f10x_i2c.o(.text)
    I2C_FastModeDutyCycleConfig              0x08000e7f   Thumb Code    26  stm32f10x_i2c.o(.text)
    I2C_CheckEvent                           0x08000e99   Thumb Code    24  stm32f10x_i2c.o(.text)
    I2C_GetLastEvent                         0x08000eb1   Thumb Code    14  stm32f10x_i2c.o(.text)
    I2C_GetFlagStatus                        0x08000ebf   Thumb Code    50  stm32f10x_i2c.o(.text)
    I2C_ClearFlag                            0x08000ef1   Thumb Code     6  stm32f10x_i2c.o(.text)
    I2C_GetITStatus                          0x08000ef7   Thumb Code    34  stm32f10x_i2c.o(.text)
    I2C_ClearITPendingBit                    0x08000f19   Thumb Code     6  stm32f10x_i2c.o(.text)
    RCC_DeInit                               0x08000f2d   Thumb Code    50  stm32f10x_rcc.o(.text)
    RCC_HSEConfig                            0x08000f5f   Thumb Code    50  stm32f10x_rcc.o(.text)
    RCC_GetFlagStatus                        0x08000f91   Thumb Code    42  stm32f10x_rcc.o(.text)
    RCC_WaitForHSEStartUp                    0x08000fbb   Thumb Code    48  stm32f10x_rcc.o(.text)
    RCC_AdjustHSICalibrationValue            0x08000feb   Thumb Code    16  stm32f10x_rcc.o(.text)
    RCC_HSICmd                               0x08000ffb   Thumb Code     6  stm32f10x_rcc.o(.text)
    RCC_PLLConfig                            0x08001001   Thumb Code    16  stm32f10x_rcc.o(.text)
    RCC_PLLCmd                               0x08001011   Thumb Code     6  stm32f10x_rcc.o(.text)
    RCC_SYSCLKConfig                         0x08001017   Thumb Code    14  stm32f10x_rcc.o(.text)
    RCC_GetSYSCLKSource                      0x08001025   Thumb Code    10  stm32f10x_rcc.o(.text)
    RCC_HCLKConfig                           0x0800102f   Thumb Code    14  stm32f10x_rcc.o(.text)
    RCC_PCLK1Config                          0x0800103d   Thumb Code    14  stm32f10x_rcc.o(.text)
    RCC_PCLK2Config                          0x0800104b   Thumb Code    16  stm32f10x_rcc.o(.text)
    RCC_ITConfig                             0x0800105b   Thumb Code    22  stm32f10x_rcc.o(.text)
    RCC_USBCLKConfig                         0x08001071   Thumb Code     8  stm32f10x_rcc.o(.text)
    RCC_ADCCLKConfig                         0x08001079   Thumb Code    14  stm32f10x_rcc.o(.text)
    RCC_LSEConfig                            0x08001087   Thumb Code    36  stm32f10x_rcc.o(.text)
    RCC_LSICmd                               0x080010ab   Thumb Code     6  stm32f10x_rcc.o(.text)
    RCC_RTCCLKConfig                         0x080010b1   Thumb Code    10  stm32f10x_rcc.o(.text)
    RCC_RTCCLKCmd                            0x080010bb   Thumb Code     8  stm32f10x_rcc.o(.text)
    RCC_GetClocksFreq                        0x080010c3   Thumb Code   154  stm32f10x_rcc.o(.text)
    RCC_AHBPeriphClockCmd                    0x0800115d   Thumb Code    22  stm32f10x_rcc.o(.text)
    RCC_APB2PeriphClockCmd                   0x08001173   Thumb Code    22  stm32f10x_rcc.o(.text)
    RCC_APB1PeriphClockCmd                   0x08001189   Thumb Code    22  stm32f10x_rcc.o(.text)
    RCC_APB2PeriphResetCmd                   0x0800119f   Thumb Code    22  stm32f10x_rcc.o(.text)
    RCC_APB1PeriphResetCmd                   0x080011b5   Thumb Code    22  stm32f10x_rcc.o(.text)
    RCC_BackupResetCmd                       0x080011cb   Thumb Code     8  stm32f10x_rcc.o(.text)
    RCC_ClockSecuritySystemCmd               0x080011d3   Thumb Code     6  stm32f10x_rcc.o(.text)
    RCC_MCOConfig                            0x080011d9   Thumb Code     6  stm32f10x_rcc.o(.text)
    RCC_ClearFlag                            0x080011df   Thumb Code    12  stm32f10x_rcc.o(.text)
    RCC_GetITStatus                          0x080011eb   Thumb Code    16  stm32f10x_rcc.o(.text)
    RCC_ClearITPendingBit                    0x080011fb   Thumb Code     6  stm32f10x_rcc.o(.text)
    SPI_I2S_DeInit                           0x08001221   Thumb Code    88  stm32f10x_spi.o(.text)
    SPI_Init                                 0x08001279   Thumb Code    56  stm32f10x_spi.o(.text)
    I2S_Init                                 0x080012b1   Thumb Code   168  stm32f10x_spi.o(.text)
    SPI_StructInit                           0x08001359   Thumb Code    24  stm32f10x_spi.o(.text)
    I2S_StructInit                           0x08001371   Thumb Code    18  stm32f10x_spi.o(.text)
    SPI_Cmd                                  0x08001383   Thumb Code    24  stm32f10x_spi.o(.text)
    I2S_Cmd                                  0x0800139b   Thumb Code    24  stm32f10x_spi.o(.text)
    SPI_I2S_ITConfig                         0x080013b3   Thumb Code    28  stm32f10x_spi.o(.text)
    SPI_I2S_DMACmd                           0x080013cf   Thumb Code    20  stm32f10x_spi.o(.text)
    SPI_I2S_SendData                         0x080013e3   Thumb Code     4  stm32f10x_spi.o(.text)
    SPI_I2S_ReceiveData                      0x080013e7   Thumb Code     4  stm32f10x_spi.o(.text)
    SPI_NSSInternalSoftwareConfig            0x080013eb   Thumb Code    28  stm32f10x_spi.o(.text)
    SPI_SSOutputCmd                          0x08001407   Thumb Code    24  stm32f10x_spi.o(.text)
    SPI_DataSizeConfig                       0x0800141f   Thumb Code    16  stm32f10x_spi.o(.text)
    SPI_TransmitCRC                          0x0800142f   Thumb Code    10  stm32f10x_spi.o(.text)
    SPI_CalculateCRC                         0x08001439   Thumb Code    24  stm32f10x_spi.o(.text)
    SPI_GetCRC                               0x08001451   Thumb Code    12  stm32f10x_spi.o(.text)
    SPI_GetCRCPolynomial                     0x0800145d   Thumb Code     4  stm32f10x_spi.o(.text)
    SPI_BiDirectionalLineConfig              0x08001461   Thumb Code    26  stm32f10x_spi.o(.text)
    SPI_I2S_GetFlagStatus                    0x0800147b   Thumb Code    14  stm32f10x_spi.o(.text)
    SPI_I2S_ClearFlag                        0x08001489   Thumb Code     6  stm32f10x_spi.o(.text)
    SPI_I2S_GetITStatus                      0x0800148f   Thumb Code    44  stm32f10x_spi.o(.text)
    SPI_I2S_ClearITPendingBit                0x080014bb   Thumb Code    14  stm32f10x_spi.o(.text)
    USART_DeInit                             0x080014d5   Thumb Code   144  stm32f10x_usart.o(.text)
    USART_Init                               0x08001565   Thumb Code   182  stm32f10x_usart.o(.text)
    USART_StructInit                         0x0800161b   Thumb Code    22  stm32f10x_usart.o(.text)
    USART_ClockInit                          0x08001631   Thumb Code    30  stm32f10x_usart.o(.text)
    USART_ClockStructInit                    0x0800164f   Thumb Code    12  stm32f10x_usart.o(.text)
    USART_Cmd                                0x0800165b   Thumb Code    24  stm32f10x_usart.o(.text)
    USART_ITConfig                           0x08001673   Thumb Code    54  stm32f10x_usart.o(.text)
    USART_DMACmd                             0x080016a9   Thumb Code    20  stm32f10x_usart.o(.text)
    USART_SetAddress                         0x080016bd   Thumb Code    16  stm32f10x_usart.o(.text)
    USART_WakeUpConfig                       0x080016cd   Thumb Code    16  stm32f10x_usart.o(.text)
    USART_ReceiverWakeUpCmd                  0x080016dd   Thumb Code    24  stm32f10x_usart.o(.text)
    USART_LINBreakDetectLengthConfig         0x080016f5   Thumb Code    16  stm32f10x_usart.o(.text)
    USART_LINCmd                             0x08001705   Thumb Code    24  stm32f10x_usart.o(.text)
    USART_SendData                           0x0800171d   Thumb Code     8  stm32f10x_usart.o(.text)
    USART_ReceiveData                        0x08001725   Thumb Code     8  stm32f10x_usart.o(.text)
    USART_SendBreak                          0x0800172d   Thumb Code    10  stm32f10x_usart.o(.text)
    USART_SetGuardTime                       0x08001737   Thumb Code    16  stm32f10x_usart.o(.text)
    USART_SetPrescaler                       0x08001747   Thumb Code    16  stm32f10x_usart.o(.text)
    USART_SmartCardCmd                       0x08001757   Thumb Code    24  stm32f10x_usart.o(.text)
    USART_SmartCardNACKCmd                   0x0800176f   Thumb Code    24  stm32f10x_usart.o(.text)
    USART_HalfDuplexCmd                      0x08001787   Thumb Code    24  stm32f10x_usart.o(.text)
    USART_OverSampling8Cmd                   0x0800179f   Thumb Code    24  stm32f10x_usart.o(.text)
    USART_OneBitMethodCmd                    0x080017b7   Thumb Code    24  stm32f10x_usart.o(.text)
    USART_IrDAConfig                         0x080017cf   Thumb Code    16  stm32f10x_usart.o(.text)
    USART_IrDACmd                            0x080017df   Thumb Code    24  stm32f10x_usart.o(.text)
    USART_GetFlagStatus                      0x080017f7   Thumb Code    14  stm32f10x_usart.o(.text)
    USART_ClearFlag                          0x08001805   Thumb Code     8  stm32f10x_usart.o(.text)
    USART_GetITStatus                        0x0800180d   Thumb Code    64  stm32f10x_usart.o(.text)
    USART_ClearITPendingBit                  0x0800184d   Thumb Code    16  stm32f10x_usart.o(.text)
    main                                     0x08002991   Thumb Code    54  main.o(.text)
    USART3_IRQHandler                        0x08002a4d   Thumb Code   120  stm32f10x_it.o(.text)
    UART4_IRQHandler                         0x08002ac5   Thumb Code    58  stm32f10x_it.o(.text)
    UART5_IRQHandler                         0x08002aff   Thumb Code     2  stm32f10x_it.o(.text)
    LED_GPIO_Config                          0x08002b25   Thumb Code    92  bsp_led.o(.text)
    KEY_GPIO_Config                          0x08002b85   Thumb Code    50  bsp_key.o(.text)
    KEY_Scan                                 0x08002bb7   Thumb Code    38  bsp_key.o(.text)
    DEBUG_USART_Config                       0x08002c0b   Thumb Code   138  bsp_usart.o(.text)
    USART2_Config                            0x08002c95   Thumb Code   118  bsp_usart.o(.text)
    UART4_Config                             0x08002d31   Thumb Code   136  bsp_usart.o(.text)
    UART5_Config                             0x08002ddf   Thumb Code   132  bsp_usart.o(.text)
    Usart_SendByte                           0x08002e63   Thumb Code    24  bsp_usart.o(.text)
    Usart_SendArray                          0x08002e7b   Thumb Code    46  bsp_usart.o(.text)
    Usart_SendString                         0x08002ea9   Thumb Code    38  bsp_usart.o(.text)
    Usart_SendHalfWord                       0x08002ecf   Thumb Code    50  bsp_usart.o(.text)
    fputc                                    0x08002f01   Thumb Code    30  bsp_usart.o(.text)
    fgetc                                    0x08002f1f   Thumb Code    26  bsp_usart.o(.text)
    BEEP_GPIO_Config                         0x08002f55   Thumb Code    50  bsp_beep.o(.text)
    SPI_FLASH_Init                           0x08002f8d   Thumb Code   202  bsp_spi_flash.o(.text)
    SPI_FLASH_SendByte                       0x08003057   Thumb Code    48  bsp_spi_flash.o(.text)
    SPI_FLASH_WaitForWriteEnd                0x08003087   Thumb Code    40  bsp_spi_flash.o(.text)
    SPI_FLASH_WriteEnable                    0x080030af   Thumb Code    30  bsp_spi_flash.o(.text)
    SPI_FLASH_SectorErase                    0x080030cd   Thumb Code    64  bsp_spi_flash.o(.text)
    SPI_FLASH_BulkErase                      0x0800310d   Thumb Code    36  bsp_spi_flash.o(.text)
    SPI_FLASH_PageWrite                      0x08003131   Thumb Code    90  bsp_spi_flash.o(.text)
    SPI_FLASH_BufferWrite                    0x0800318b   Thumb Code   202  bsp_spi_flash.o(.text)
    SPI_FLASH_BufferRead                     0x08003255   Thumb Code    78  bsp_spi_flash.o(.text)
    SPI_FLASH_ReadID                         0x080032a3   Thumb Code    64  bsp_spi_flash.o(.text)
    SPI_FLASH_ReadDeviceID                   0x080032e3   Thumb Code    56  bsp_spi_flash.o(.text)
    SPI_FLASH_StartReadSequence              0x0800331b   Thumb Code    42  bsp_spi_flash.o(.text)
    SPI_FLASH_ReadByte                       0x08003345   Thumb Code     4  bsp_spi_flash.o(.text)
    SPI_FLASH_SendHalfWord                   0x08003349   Thumb Code    48  bsp_spi_flash.o(.text)
    SPI_Flash_PowerDown                      0x08003379   Thumb Code    44  bsp_spi_flash.o(.text)
    SPI_Flash_WAKEUP                         0x080033a5   Thumb Code    30  bsp_spi_flash.o(.text)
    I2C_Configuration                        0x080033c9   Thumb Code   110  oled_i2c.o(.text)
    I2C_WriteByte                            0x08003437   Thumb Code   128  oled_i2c.o(.text)
    WriteCmd                                 0x080034b7   Thumb Code     6  oled_i2c.o(.text)
    WriteDat                                 0x080034bd   Thumb Code     6  oled_i2c.o(.text)
    OLED_Init                                0x080034c3   Thumb Code   178  oled_i2c.o(.text)
    OLED_SetPos                              0x08003575   Thumb Code    36  oled_i2c.o(.text)
    OLED_Fill                                0x08003599   Thumb Code    54  oled_i2c.o(.text)
    OLED_CLS                                 0x080035cf   Thumb Code     4  oled_i2c.o(.text)
    OLED_ON                                  0x080035d3   Thumb Code    22  oled_i2c.o(.text)
    OLED_OFF                                 0x080035e9   Thumb Code    22  oled_i2c.o(.text)
    OLED_ShowStr                             0x080035ff   Thumb Code   194  oled_i2c.o(.text)
    OLED_ShowCN                              0x080036c1   Thumb Code    70  oled_i2c.o(.text)
    OLED_DrawBMP                             0x08003707   Thumb Code    64  oled_i2c.o(.text)
    OLED_DrawHalfBMP                         0x08003747   Thumb Code    86  oled_i2c.o(.text)
    XFS_VoiceChange                          0x080037bd   Thumb Code    76  xfs5152.o(.text)
    XFS_FrameInfo                            0x08003809   Thumb Code    72  xfs5152.o(.text)
    XFS_VoiceInit                            0x08003851   Thumb Code     4  xfs5152.o(.text)
    ESP8266_Init                             0x08003957   Thumb Code    34  bsp_esp8266.o(.text)
    ESP8266_Rst                              0x08003979   Thumb Code    36  bsp_esp8266.o(.text)
    ESP8266_Cmd                              0x0800399d   Thumb Code   140  bsp_esp8266.o(.text)
    ESP8266_AT_Test                          0x08003a29   Thumb Code    58  bsp_esp8266.o(.text)
    ESP8266_Net_Mode_Choose                  0x08003a63   Thumb Code    44  bsp_esp8266.o(.text)
    ESP8266_JoinAP                           0x08003a8f   Thumb Code    34  bsp_esp8266.o(.text)
    ESP8266_BuildAP                          0x08003ab1   Thumb Code    34  bsp_esp8266.o(.text)
    ESP8266_Enable_MultipleId                0x08003ad3   Thumb Code    40  bsp_esp8266.o(.text)
    ESP8266_Link_Server                      0x08003afb   Thumb Code   104  bsp_esp8266.o(.text)
    ESP8266_StartOrShutServer                0x08003b63   Thumb Code   100  bsp_esp8266.o(.text)
    ESP8266_Get_LinkStatus                   0x08003bc7   Thumb Code    64  bsp_esp8266.o(.text)
    ESP8266_Get_IdLinkStatus                 0x08003c07   Thumb Code   118  bsp_esp8266.o(.text)
    ESP8266_Inquire_ApIp                     0x08003c7d   Thumb Code   474  bsp_esp8266.o(.text)
    ESP8266_UnvarnishSend                    0x08003e57   Thumb Code    42  bsp_esp8266.o(.text)
    ESP8266_ExitUnvarnishSend                0x08003e81   Thumb Code    30  bsp_esp8266.o(.text)
    ESP8266_SendString                       0x08003e9f   Thumb Code    90  bsp_esp8266.o(.text)
    ESP8266_ReceiveString                    0x08003ef9   Thumb Code    72  bsp_esp8266.o(.text)
    USART_printf                             0x08004001   Thumb Code   228  common.o(.text)
    ADCx_Init                                0x080041c9   Thumb Code    12  bsp_adc.o(.text)
    osPriqueueInit                           0x080041e5   Thumb Code    42  los_priqueue.o(.text)
    osPriqueueEnqueue                        0x0800420f   Thumb Code    24  los_priqueue.o(.text)
    osPriqueueDequeue                        0x08004227   Thumb Code    20  los_priqueue.o(.text)
    osPriqueueTop                            0x0800423b   Thumb Code    42  los_priqueue.o(.text)
    osPriqueueSize                           0x08004265   Thumb Code    26  los_priqueue.o(.text)
    osPriqueueTotalSize                      0x0800427f   Thumb Code    24  los_priqueue.o(.text)
    osSwTmrTask                              0x080042a1   Thumb Code    56  los_swtmr.o(.text)
    osSwTmrTaskCreate                        0x080042d9   Thumb Code    46  los_swtmr.o(.text)
    osSwTmrInit                              0x08004307   Thumb Code   106  los_swtmr.o(.text)
    osSwTmrStart                             0x08004371   Thumb Code    60  los_swtmr.o(.text)
    osSwtmrStop                              0x080043ad   Thumb Code    56  los_swtmr.o(.text)
    osSwtmrScan                              0x0800444b   Thumb Code    26  los_swtmr.o(.text)
    osSwTmrGetNextTimeout                    0x08004465   Thumb Code    18  los_swtmr.o(.text)
    osSwtimerInsert                          0x08004477   Thumb Code    62  los_swtmr.o(.text)
    osSwTmrAdjust                            0x080044b5   Thumb Code    28  los_swtmr.o(.text)
    osSwtmrTimeGet                           0x080044d1   Thumb Code    22  los_swtmr.o(.text)
    LOS_SwtmrCreate                          0x080044e7   Thumb Code   122  los_swtmr.o(.text)
    LOS_SwtmrStart                           0x08004561   Thumb Code   114  los_swtmr.o(.text)
    LOS_SwtmrStop                            0x080045d3   Thumb Code   106  los_swtmr.o(.text)
    LOS_SwtmrTimeGet                         0x0800463d   Thumb Code   148  los_swtmr.o(.text)
    LOS_SwtmrDelete                          0x080046d1   Thumb Code   110  los_swtmr.o(.text)
    LOS_TickCountGet                         0x08004755   Thumb Code     6  los_sys.o(.text)
    LOS_CyclePerTickGet                      0x0800475b   Thumb Code    14  los_sys.o(.text)
    LOS_MS2Tick                              0x08004769   Thumb Code    28  los_sys.o(.text)
    LOS_Tick2MS                              0x08004785   Thumb Code    18  los_sys.o(.text)
    osCpuTick2MS                             0x08004797   Thumb Code    74  los_sys.o(.text)
    osCpuTick2US                             0x080047e1   Thumb Code    72  los_sys.o(.text)
    osTaskNextSwitchTimeGet                  0x0800483d   Thumb Code    60  los_task.o(.text)
    osIdleTask                               0x08004879   Thumb Code     2  los_task.o(.text)
    osTaskPriModify                          0x0800487b   Thumb Code    52  los_task.o(.text)
    osTaskAdd2TimerList                      0x080048af   Thumb Code   136  los_task.o(.text)
    osTimerListDelete                        0x08004937   Thumb Code    48  los_task.o(.text)
    osTaskScan                               0x08004967   Thumb Code   182  los_task.o(.text)
    osConvertTskStatus                       0x08004a1d   Thumb Code    68  los_task.o(.text)
    osGetTaskWaterLine                       0x08004a61   Thumb Code    88  los_task.o(.text)
    osGetAllTskInfo                          0x08004ab9   Thumb Code   196  los_task.o(.text)
    osTaskInit                               0x08004b7d   Thumb Code   390  los_task.o(.text)
    LOS_TaskCreateOnly                       0x08004d03   Thumb Code   322  los_task.o(.text)
    LOS_TaskCreate                           0x08004e45   Thumb Code   112  los_task.o(.text)
    osIdleTaskCreate                         0x08004eb5   Thumb Code    50  los_task.o(.text)
    LOS_CurTaskIDGet                         0x08004ee7   Thumb Code    18  los_task.o(.text)
    LOS_NextTaskIDGet                        0x08004ef9   Thumb Code    18  los_task.o(.text)
    LOS_CurTaskNameGet                       0x08004f0b   Thumb Code    16  los_task.o(.text)
    osTaskSwitchCheck                        0x08004f1b   Thumb Code   178  los_task.o(.text)
    osTaskMonInit                            0x08004fcd   Thumb Code    34  los_task.o(.text)
    LOS_TaskDelete                           0x08004fef   Thumb Code   522  los_task.o(.text)
    osTaskEntry                              0x080051f9   Thumb Code    38  los_task.o(.text)
    LOS_TaskResume                           0x0800521f   Thumb Code   134  los_task.o(.text)
    LOS_TaskSuspend                          0x080052a5   Thumb Code   170  los_task.o(.text)
    LOS_TaskYield                            0x0800534f   Thumb Code   106  los_task.o(.text)
    LOS_TaskDelay                            0x080053b9   Thumb Code    98  los_task.o(.text)
    LOS_TaskPriGet                           0x0800541b   Thumb Code    62  los_task.o(.text)
    LOS_TaskPriSet                           0x08005459   Thumb Code   150  los_task.o(.text)
    LOS_CurTaskPriSet                        0x080054ef   Thumb Code    12  los_task.o(.text)
    osTaskWait                               0x080054fb   Thumb Code    70  los_task.o(.text)
    osTaskWake                               0x08005541   Thumb Code    66  los_task.o(.text)
    LOS_TaskLock                             0x08005583   Thumb Code    24  los_task.o(.text)
    LOS_TaskUnlock                           0x0800559b   Thumb Code    58  los_task.o(.text)
    LOS_TaskInfoGet                          0x080055d5   Thumb Code   222  los_task.o(.text)
    LOS_TaskStatusGet                        0x080056b3   Thumb Code    70  los_task.o(.text)
    LOS_TaskSwitchInfoGet                    0x080056f9   Thumb Code    60  los_task.o(.text)
    LOS_TaskInfoMonitor                      0x08005735   Thumb Code     4  los_task.o(.text)
    LOS_TaskIsRunning                        0x08005739   Thumb Code     6  los_task.o(.text)
    LOS_NewTaskIDGet                         0x0800573f   Thumb Code    18  los_task.o(.text)
    LOS_TaskNameGet                          0x08005751   Thumb Code    54  los_task.o(.text)
    osTickHandler                            0x080057c9   Thumb Code    30  los_tick.o(.text)
    LOS_SysClockGet                          0x080057e7   Thumb Code     6  los_tick.o(.text)
    LOS_EventInit                            0x080057f1   Thumb Code    20  los_event.o(.text)
    LOS_EventPoll                            0x08005805   Thumb Code    70  los_event.o(.text)
    LOS_EventRead                            0x0800584b   Thumb Code   222  los_event.o(.text)
    LOS_EventWrite                           0x08005929   Thumb Code   132  los_event.o(.text)
    LOS_EventDestory                         0x080059ad   Thumb Code    18  los_event.o(.text)
    LOS_EventClear                           0x080059bf   Thumb Code    32  los_event.o(.text)
    osMuxInit                                0x080059ed   Thumb Code    74  los_mux.o(.text)
    LOS_MuxCreate                            0x08005a37   Thumb Code   108  los_mux.o(.text)
    LOS_MuxDelete                            0x08005aa3   Thumb Code   128  los_mux.o(.text)
    LOS_MuxPend                              0x08005b23   Thumb Code   284  los_mux.o(.text)
    LOS_MuxPost                              0x08005c3f   Thumb Code   196  los_mux.o(.text)
    osQueueInit                              0x08005d79   Thumb Code    78  los_queue.o(.text)
    LOS_QueueCreate                          0x08005dc7   Thumb Code   188  los_queue.o(.text)
    osQueueOperate                           0x08005f83   Thumb Code   336  los_queue.o(.text)
    LOS_QueueReadCopy                        0x080060d3   Thumb Code    42  los_queue.o(.text)
    LOS_QueueWriteHeadCopy                   0x080060fd   Thumb Code    44  los_queue.o(.text)
    LOS_QueueWriteCopy                       0x08006129   Thumb Code    42  los_queue.o(.text)
    LOS_QueueRead                            0x08006153   Thumb Code    74  los_queue.o(.text)
    LOS_QueueWrite                           0x0800619d   Thumb Code    22  los_queue.o(.text)
    LOS_QueueWriteHead                       0x080061b3   Thumb Code    22  los_queue.o(.text)
    osQueueMailAlloc                         0x080061c9   Thumb Code   146  los_queue.o(.text)
    osQueueMailFree                          0x0800625b   Thumb Code   142  los_queue.o(.text)
    LOS_QueueDelete                          0x080062e9   Thumb Code   158  los_queue.o(.text)
    LOS_QueueInfoGet                         0x08006387   Thumb Code   200  los_queue.o(.text)
    osSemInit                                0x0800647d   Thumb Code    72  los_sem.o(.text)
    osSemCreate                              0x080064c5   Thumb Code   134  los_sem.o(.text)
    LOS_SemCreate                            0x0800654b   Thumb Code     8  los_sem.o(.text)
    LOS_BinarySemCreate                      0x08006553   Thumb Code     6  los_sem.o(.text)
    LOS_SemDelete                            0x08006559   Thumb Code   120  los_sem.o(.text)
    LOS_SemPend                              0x080065d1   Thumb Code   240  los_sem.o(.text)
    LOS_SemPost                              0x080066c1   Thumb Code   152  los_sem.o(.text)
    osHeapPrvGetNext                         0x080067f1   Thumb Code    22  los_heap.o(.text)
    osHeapInit                               0x08006807   Thumb Code    62  los_heap.o(.text)
    osHeapStatisticsGet                      0x08006845   Thumb Code    76  los_heap.o(.text)
    osAlarmHeapInfo                          0x08006891   Thumb Code    26  los_heap.o(.text)
    osHeapAlloc                              0x080068ab   Thumb Code   238  los_heap.o(.text)
    osHeapFree                               0x08006999   Thumb Code   224  los_heap.o(.text)
    osHeapGetHeapMemoryPeak                  0x08006a79   Thumb Code     6  los_heap.o(.text)
    osHeapGetMaxFreeBlkSize                  0x08006a7f   Thumb Code    40  los_heap.o(.text)
    LOS_Align                                0x08006af9   Thumb Code    20  los_misc.o(.text)
    LOS_Msleep                               0x08006b0d   Thumb Code    40  los_misc.o(.text)
    LOS_ErrHandle                            0x08006b35   Thumb Code    34  los_err.o(.text)
    osEnableFPU                              0x08006b61   Thumb Code    12  los_init.o(.text)
    LOS_Reboot                               0x08006b6d   Thumb Code     6  los_init.o(.text)
    LOS_Start                                0x08006b7b   Thumb Code    34  los_init.o(.text)
    LOS_KernelInit                           0x08006b9d   Thumb Code   140  los_init.o(.text)
    LOS_MemboxInit                           0x08006cad   Thumb Code    44  los_membox.o(.text)
    LOS_MemboxAlloc                          0x08006cd9   Thumb Code    64  los_membox.o(.text)
    LOS_MemboxFree                           0x08006d19   Thumb Code    36  los_membox.o(.text)
    LOS_MemboxClr                            0x08006d3d   Thumb Code    10  los_membox.o(.text)
    LOS_MemboxStatisticsGet                  0x08006d47   Thumb Code    32  los_membox.o(.text)
    osSlabCtrlHdrGet                         0x08006d91   Thumb Code     4  los_memory.o(.text)
    LOS_MemInit                              0x08006d95   Thumb Code   164  los_memory.o(.text)
    osMemSystemInit                          0x08006e39   Thumb Code     8  los_memory.o(.text)
    LOS_MemDeInit                            0x08006e41   Thumb Code    66  los_memory.o(.text)
    LOS_MemPoolList                          0x08006e83   Thumb Code    28  los_memory.o(.text)
    LOS_MemAlloc                             0x08006e9f   Thumb Code    16  los_memory.o(.text)
    LOS_MemAllocAlign                        0x08006eaf   Thumb Code    64  los_memory.o(.text)
    LOS_MemFree                              0x08006eef   Thumb Code    42  los_memory.o(.text)
    LOS_MemRealloc                           0x08006f19   Thumb Code   112  los_memory.o(.text)
    LOS_MemStatisticsGet                     0x08006f89   Thumb Code    44  los_memory.o(.text)
    LOS_MemGetMaxFreeBlkSize                 0x08006fb5   Thumb Code    16  los_memory.o(.text)
    LOS_StartToRun                           0x08007009   Thumb Code     0  los_dispatch_keil.o(.text)
    LOS_IntLock                              0x0800704d   Thumb Code     0  los_dispatch_keil.o(.text)
    LOS_IntUnLock                            0x08007055   Thumb Code     0  los_dispatch_keil.o(.text)
    LOS_IntRestore                           0x0800705d   Thumb Code     0  los_dispatch_keil.o(.text)
    osTaskSchedule                           0x08007063   Thumb Code     0  los_dispatch_keil.o(.text)
    osPendSV                                 0x0800706d   Thumb Code     0  los_dispatch_keil.o(.text)
    osSchedule                               0x080070d9   Thumb Code     4  los_hw.o(.text)
    LOS_Schedule                             0x080070dd   Thumb Code    54  los_hw.o(.text)
    osTaskExit                               0x08007113   Thumb Code     4  los_hw.o(.text)
    osTskStackInit                           0x08007117   Thumb Code   124  los_hw.o(.text)
    osEnterSleep                             0x08007193   Thumb Code    12  los_hw.o(.text)
    osTickStart                              0x080071ad   Thumb Code    90  los_hw_tick.o(.text)
    LOS_SysTickCurrCycleGet                  0x08007207   Thumb Code    38  los_hw_tick.o(.text)
    LOS_GetCpuCycle                          0x0800722d   Thumb Code    82  los_hw_tick.o(.text)
    LOS_GetSystickCycle                      0x0800727f   Thumb Code    78  los_hw_tick.o(.text)
    osIntNumGet                              0x080072e1   Thumb Code     6  los_hwi.o(.text)
    PendSV_Handler                           0x080072e7   Thumb Code     4  los_hwi.o(.text)
    SysTick_Handler                          0x080072eb   Thumb Code     4  los_hwi.o(.text)
    __aeabi_uldivmod                         0x080072ef   Thumb Code    98  uldiv.o(.text)
    __aeabi_memcpy                           0x08007351   Thumb Code    36  memcpya.o(.text)
    __aeabi_memcpy4                          0x08007351   Thumb Code     0  memcpya.o(.text)
    __aeabi_memcpy8                          0x08007351   Thumb Code     0  memcpya.o(.text)
    __aeabi_memset                           0x08007375   Thumb Code    14  memseta.o(.text)
    __aeabi_memset4                          0x08007375   Thumb Code     0  memseta.o(.text)
    __aeabi_memset8                          0x08007375   Thumb Code     0  memseta.o(.text)
    __aeabi_memclr                           0x08007383   Thumb Code     4  memseta.o(.text)
    __aeabi_memclr4                          0x08007383   Thumb Code     0  memseta.o(.text)
    __aeabi_memclr8                          0x08007383   Thumb Code     0  memseta.o(.text)
    _memset$wrapper                          0x08007387   Thumb Code    18  memseta.o(.text)
    strstr                                   0x08007399   Thumb Code    36  strstr.o(.text)
    strncpy                                  0x080073bd   Thumb Code    24  strncpy.o(.text)
    strlen                                   0x080073d5   Thumb Code    14  strlen.o(.text)
    __ARM_scalbnf                            0x080073e3   Thumb Code    24  fscalb.o(.text)
    scalbnf                                  0x080073e3   Thumb Code     0  fscalb.o(.text)
    __aeabi_dmul                             0x080073fb   Thumb Code   228  dmul.o(.text)
    __aeabi_ddiv                             0x080074df   Thumb Code   222  ddiv.o(.text)
    __aeabi_ui2f                             0x080075bd   Thumb Code    10  ffltui.o(.text)
    __aeabi_ui2d                             0x080075c7   Thumb Code    26  dfltui.o(.text)
    __aeabi_ul2d                             0x080075e1   Thumb Code    24  dfltul.o(.text)
    __aeabi_d2ulz                            0x080075f9   Thumb Code    48  dfixul.o(.text)
    __aeabi_f2d                              0x08007629   Thumb Code    38  f2d.o(.text)
    __aeabi_d2f                              0x0800764f   Thumb Code    56  d2f.o(.text)
    __aeabi_uidiv                            0x08007687   Thumb Code     0  uidiv.o(.text)
    __aeabi_uidivmod                         0x08007687   Thumb Code    44  uidiv.o(.text)
    __aeabi_llsl                             0x080076b3   Thumb Code    30  llshl.o(.text)
    _ll_shift_l                              0x080076b3   Thumb Code     0  llshl.o(.text)
    __aeabi_llsr                             0x080076d1   Thumb Code    32  llushr.o(.text)
    _ll_ushift_r                             0x080076d1   Thumb Code     0  llushr.o(.text)
    __I$use$fp                               0x080076f1   Thumb Code     0  iusefp.o(.text)
    _float_round                             0x080076f1   Thumb Code    18  fepilogue.o(.text)
    _float_epilogue                          0x08007703   Thumb Code    92  fepilogue.o(.text)
    _double_round                            0x0800775f   Thumb Code    30  depilogue.o(.text)
    _double_epilogue                         0x0800777d   Thumb Code   156  depilogue.o(.text)
    __aeabi_dadd                             0x08007819   Thumb Code   322  dadd.o(.text)
    __aeabi_dsub                             0x0800795b   Thumb Code     6  dadd.o(.text)
    __aeabi_drsub                            0x08007961   Thumb Code     6  dadd.o(.text)
    __aeabi_cdrcmple                         0x08007969   Thumb Code    48  cdrcmple.o(.text)
    __scatterload                            0x08007999   Thumb Code    28  init.o(.text)
    __scatterload_rt2                        0x08007999   Thumb Code     0  init.o(.text)
    __aeabi_lasr                             0x080079bd   Thumb Code    36  llsshr.o(.text)
    _ll_sshift_r                             0x080079bd   Thumb Code     0  llsshr.o(.text)
    __decompress                             0x080079e1   Thumb Code     0  __dczerorl2.o(.text)
    __decompress1                            0x080079e1   Thumb Code    86  __dczerorl2.o(.text)
    __0printf                                0x08007a39   Thumb Code    22  printfa.o(i.__0printf)
    __1printf                                0x08007a39   Thumb Code     0  printfa.o(i.__0printf)
    __2printf                                0x08007a39   Thumb Code     0  printfa.o(i.__0printf)
    __c89printf                              0x08007a39   Thumb Code     0  printfa.o(i.__0printf)
    printf                                   0x08007a39   Thumb Code     0  printfa.o(i.__0printf)
    __0sprintf                               0x08007a59   Thumb Code    34  printfa.o(i.__0sprintf)
    __1sprintf                               0x08007a59   Thumb Code     0  printfa.o(i.__0sprintf)
    __2sprintf                               0x08007a59   Thumb Code     0  printfa.o(i.__0sprintf)
    __c89sprintf                             0x08007a59   Thumb Code     0  printfa.o(i.__0sprintf)
    sprintf                                  0x08007a59   Thumb Code     0  printfa.o(i.__0sprintf)
    __scatterload_copy                       0x08007a81   Thumb Code    14  handlers.o(i.__scatterload_copy)
    __scatterload_null                       0x08007a8f   Thumb Code     2  handlers.o(i.__scatterload_null)
    __scatterload_zeroinit                   0x08007a91   Thumb Code    14  handlers.o(i.__scatterload_zeroinit)
    F6x8                                     0x0800833c   Data         552  oled_i2c.o(.constdata)
    F8X16                                    0x08008564   Data        1520  oled_i2c.o(.constdata)
    BMP1                                     0x08008b54   Data        1024  oled_i2c.o(.constdata)
    BMP2                                     0x08008f54   Data        1024  oled_i2c.o(.constdata)
    BMP4_0                                   0x08009354   Data        1024  oled_i2c.o(.constdata)
    BMP4_1                                   0x08009754   Data        1024  oled_i2c.o(.constdata)
    BMP4_2                                   0x08009b54   Data        1024  oled_i2c.o(.constdata)
    BMP4_3                                   0x08009f54   Data        1024  oled_i2c.o(.constdata)
    BMP4_4                                   0x0800a354   Data        1024  oled_i2c.o(.constdata)
    BMP5_0                                   0x0800a754   Data        1024  oled_i2c.o(.constdata)
    BMP5_1                                   0x0800ab54   Data        1024  oled_i2c.o(.constdata)
    BMP5_2                                   0x0800af54   Data        1024  oled_i2c.o(.constdata)
    BMP5_3                                   0x0800b354   Data        1024  oled_i2c.o(.constdata)
    BMP5_4                                   0x0800b754   Data        1024  oled_i2c.o(.constdata)
    BMP5_5                                   0x0800bb54   Data        1024  oled_i2c.o(.constdata)
    BMP_VOICE_0                              0x0800bf54   Data        1024  oled_i2c.o(.constdata)
    BMP_VOICE_1                              0x0800c354   Data        1024  oled_i2c.o(.constdata)
    BMP_VOICE_2                              0x0800c754   Data        1024  oled_i2c.o(.constdata)
    BMP_VOICE_3                              0x0800cb54   Data        1024  oled_i2c.o(.constdata)
    BMP_VOICE_4                              0x0800cf54   Data        1024  oled_i2c.o(.constdata)
    BMP_VOICE_5                              0x0800d354   Data        1024  oled_i2c.o(.constdata)
    voice_ShanWaiKeJi                        0x0800d754   Data           9  xfs5152.o(.constdata)
    voice_ChooseMode                         0x0800d75d   Data          11  xfs5152.o(.constdata)
    voice_InitDevice                         0x0800d768   Data          11  xfs5152.o(.constdata)
    voice_SystermStart                       0x0800d773   Data          11  xfs5152.o(.constdata)
    voice_size_0                             0x0800d77e   Data           5  xfs5152.o(.constdata)
    voice_size_1                             0x0800d783   Data           7  xfs5152.o(.constdata)
    voice_size_2                             0x0800d78a   Data           7  xfs5152.o(.constdata)
    voice_size_3                             0x0800d791   Data           7  xfs5152.o(.constdata)
    voice_size_4                             0x0800d798   Data           7  xfs5152.o(.constdata)
    voice_size_5                             0x0800d79f   Data           7  xfs5152.o(.constdata)
    Region$$Table$$Base                      0x0800dd6c   Number         0  anon$$obj.o(Region$$Table)
    Region$$Table$$Limit                     0x0800dd8c   Number         0  anon$$obj.o(Region$$Table)
    SystemCoreClock                          0x20000000   Data           4  system_stm32f10x.o(.data)
    AHBPrescTable                            0x20000004   Data          16  system_stm32f10x.o(.data)
    ucTcpClosedFlag                          0x20000028   Data           1  main.o(.data)
    Timer1_Handle                            0x2000002a   Data           2  main.o(.data)
    voicesize                                0x2000002c   Data           4  main.o(.data)
    timercount                               0x20000030   Data           4  main.o(.data)
    Beer_BinarySem_Handle                    0x20000034   Data           4  main.o(.data)
    Refresh_BinarySem_Handle                 0x20000038   Data           4  main.o(.data)
    Flash_Mutex_Handle                       0x2000003c   Data           4  main.o(.data)
    Run_Task_Handle                          0x20000040   Data           4  main.o(.data)
    Led_Task_Handle                          0x20000044   Data           4  main.o(.data)
    Key_Task_Handle                          0x20000048   Data           4  main.o(.data)
    Beer_Task_Handle                         0x2000004c   Data           4  main.o(.data)
    Flash_Task_Handle                        0x20000050   Data           4  main.o(.data)
    OLED_Task_Handle                         0x20000054   Data           4  main.o(.data)
    NbIot_Task_Handle                        0x20000058   Data           4  main.o(.data)
    WIFI_Task_Handle                         0x2000005c   Data           4  main.o(.data)
    newpage                                  0x20000060   Data           4  main.o(.data)
    Tx_Buffer                                0x20000064   Data         256  main.o(.data)
    discount                                 0x20000164   Data           1  main.o(.data)
    F16x16                                   0x20000165   Data         128  oled_i2c.o(.data)
    ADC_ConvertedValue                       0x200001e6   Data           2  bsp_adc.o(.data)
    g_pstLosPriorityQueueList                0x200001e8   Data           4  los_priqueue.o(.data)
    m_uwSwTmrHandlerQueue                    0x200001ec   Data           4  los_swtmr.o(.data)
    m_pstSwtmrCBArray                        0x200001f0   Data           4  los_swtmr.o(.data)
    m_pstSwtmrFreeList                       0x200001f4   Data           4  los_swtmr.o(.data)
    m_pstSwtmrSortList                       0x200001f8   Data           4  los_swtmr.o(.data)
    g_usLosTaskLock                          0x200001fc   Data           2  los_task.o(.data)
    g_pfnTskSwitchHook                       0x20000200   Data           4  los_task.o(.data)
    g_pfnUsrTskSwitchHook                    0x20000204   Data           4  los_task.o(.data)
    g_pstTaskCBArray                         0x20000208   Data           4  los_task.o(.data)
    g_uwTskMaxNum                            0x2000020c   Data           4  los_task.o(.data)
    g_uwIdleTaskID                           0x20000210   Data           4  los_task.o(.data)
    g_uwSwtmrTaskID                          0x20000214   Data           4  los_task.o(.data)
    g_bTaskScheduled                         0x20000218   Data           4  los_task.o(.data)
    g_stLosTask                              0x2000021c   Data           8  los_task.o(.data)
    g_stTaskTimerList                        0x20000224   Data           8  los_task.o(.data)
    g_stLosFreeTask                          0x2000022c   Data           8  los_task.o(.data)
    g_stTskRecyleList                        0x20000234   Data           8  los_task.o(.data)
    g_stTskSortLink                          0x2000023c   Data           8  los_task.o(.data)
    g_uwSysClock                             0x20000248   Data           4  los_tick.o(.data)
    g_ullTickCount                           0x20000250   Data           8  los_tick.o(.data)
    g_uwCyclesPerTick                        0x20000258   Data           4  los_tick.o(.data)
    g_pstAllMux                              0x2000025c   Data           4  los_mux.o(.data)
    g_stUnusedMuxList                        0x20000260   Data           8  los_mux.o(.data)
    g_pstAllQueue                            0x20000268   Data           4  los_queue.o(.data)
    g_stFreeQueueList                        0x2000026c   Data           8  los_queue.o(.data)
    g_pstAllSem                              0x20000274   Data           4  los_sem.o(.data)
    g_stUnusedSemList                        0x20000278   Data           8  los_sem.o(.data)
    g_stUserErrFunc                          0x20000290   Data           4  los_err.o(.data)
    m_aucSysMem0                             0x20000294   Data           4  los_init.o(.data)
    g_pPoolHead                              0x20000298   Data           4  los_memory.o(.data)
    __stdout                                 0x2000029c   Data           4  stdout.o(.data)
    Flash_EventGroup_CB                      0x200002a0   Data          12  main.o(.bss)
    LED_EventGroup_CB                        0x200002ac   Data          12  main.o(.bss)
    Rx_Buffer                                0x200002b8   Data         256  main.o(.bss)
    disdata                                  0x200003b8   Data          18  main.o(.bss)
    strEsp8266_Fram_Record                   0x200003ca   Data        1026  bsp_esp8266.o(.bss)
    g_astTskSwitchInfo                       0x200007cc   Data         342  los_task.o(.bss)
    Image$$RW_IRAM1$$ZI$$Limit               0x20000d28   Number         0  anon$$obj.o ABSOLUTE
    __initial_sp                             0x20000d28   Data           0  startup_stm32f10x_hd.o(STACK)



==============================================================================

Memory Map of the image

  Image Entry point : 0x08000131

  Load Region LR_IROM1 (Base: 0x08000000, Size: 0x0000e02c, Max: 0x00040000, ABSOLUTE, COMPRESSED[0x0000de34])

    Execution Region ER_IROM1 (Base: 0x08000000, Size: 0x0000dd8c, Max: 0x00040000, ABSOLUTE)

    Base Addr    Size         Type   Attr      Idx    E Section Name        Object

    0x08000000   0x00000130   Data   RO            3    RESET               startup_stm32f10x_hd.o
    0x08000130   0x00000000   Code   RO         1994  * .ARM.Collect$$$$00000000  mc_w.l(entry.o)
    0x08000130   0x00000004   Code   RO         2290    .ARM.Collect$$$$00000001  mc_w.l(entry2.o)
    0x08000134   0x00000004   Code   RO         2293    .ARM.Collect$$$$00000004  mc_w.l(entry5.o)
    0x08000138   0x00000000   Code   RO         2295    .ARM.Collect$$$$00000008  mc_w.l(entry7b.o)
    0x08000138   0x00000000   Code   RO         2297    .ARM.Collect$$$$0000000A  mc_w.l(entry8b.o)
    0x08000138   0x00000008   Code   RO         2298    .ARM.Collect$$$$0000000B  mc_w.l(entry9a.o)
    0x08000140   0x00000000   Code   RO         2300    .ARM.Collect$$$$0000000D  mc_w.l(entry10a.o)
    0x08000140   0x00000000   Code   RO         2302    .ARM.Collect$$$$0000000F  mc_w.l(entry11a.o)
    0x08000140   0x00000004   Code   RO         2291    .ARM.Collect$$$$00002712  mc_w.l(entry2.o)
    0x08000144   0x00000024   Code   RO            4    .text               startup_stm32f10x_hd.o
    0x08000168   0x00000174   Code   RO           27    .text               system_stm32f10x.o
    0x080002dc   0x000000b8   Code   RO          142    .text               misc.o
    0x08000394   0x00000388   Code   RO          170    .text               stm32f10x_adc.o
    0x0800071c   0x000001e8   Code   RO          338    .text               stm32f10x_dma.o
    0x08000904   0x00000298   Code   RO          434    .text               stm32f10x_gpio.o
    0x08000b9c   0x00000390   Code   RO          458    .text               stm32f10x_i2c.o
    0x08000f2c   0x000002f4   Code   RO          530    .text               stm32f10x_rcc.o
    0x08001220   0x000002b4   Code   RO          604    .text               stm32f10x_spi.o
    0x080014d4   0x0000039c   Code   RO          652    .text               stm32f10x_usart.o
    0x08001870   0x000011dc   Code   RO          700    .text               main.o
    0x08002a4c   0x000000d8   Code   RO          850    .text               stm32f10x_it.o
    0x08002b24   0x00000060   Code   RO          885    .text               bsp_led.o
    0x08002b84   0x00000060   Code   RO          912    .text               bsp_key.o
    0x08002be4   0x00000370   Code   RO          936    .text               bsp_usart.o
    0x08002f54   0x00000038   Code   RO          960    .text               bsp_beep.o
    0x08002f8c   0x0000043c   Code   RO          984    .text               bsp_spi_flash.o
    0x080033c8   0x000003f4   Code   RO         1008    .text               oled_i2c.o
    0x080037bc   0x0000009c   Code   RO         1058    .text               xfs5152.o
    0x08003858   0x0000074c   Code   RO         1102    .text               bsp_esp8266.o
    0x08003fa4   0x00000140   Code   RO         1139    .text               common.o
    0x080040e4   0x00000100   Code   RO         1166    .text               bsp_adc.o
    0x080041e4   0x000000bc   Code   RO         1277    .text               los_priqueue.o
    0x080042a0   0x000004b4   Code   RO         1324    .text               los_swtmr.o
    0x08004754   0x000000e8   Code   RO         1360    .text               los_sys.o
    0x0800483c   0x00000f8c   Code   RO         1387    .text               los_task.o
    0x080057c8   0x00000028   Code   RO         1436    .text               los_tick.o
    0x080057f0   0x000001fc   Code   RO         1496    .text               los_event.o
    0x080059ec   0x0000038c   Code   RO         1540    .text               los_mux.o
    0x08005d78   0x00000704   Code   RO         1576    .text               los_queue.o
    0x0800647c   0x00000374   Code   RO         1606    .text               los_sem.o
    0x080067f0   0x00000308   Code   RO         1639    .text               los_heap.o
    0x08006af8   0x0000003c   Code   RO         1693    .text               los_misc.o
    0x08006b34   0x0000002c   Code   RO         1717    .text               los_err.o
    0x08006b60   0x0000014c   Code   RO         1750    .text               los_init.o
    0x08006cac   0x000000e4   Code   RO         1781    .text               los_membox.o
    0x08006d90   0x00000278   Code   RO         1805    .text               los_memory.o
    0x08007008   0x000000d0   Code   RO         1912    .text               los_dispatch_keil.o
    0x080070d8   0x000000d4   Code   RO         1918    .text               los_hw.o
    0x080071ac   0x00000134   Code   RO         1942    .text               los_hw_tick.o
    0x080072e0   0x0000000e   Code   RO         1970    .text               los_hwi.o
    0x080072ee   0x00000062   Code   RO         1997    .text               mc_w.l(uldiv.o)
    0x08007350   0x00000024   Code   RO         1999    .text               mc_w.l(memcpya.o)
    0x08007374   0x00000024   Code   RO         2001    .text               mc_w.l(memseta.o)
    0x08007398   0x00000024   Code   RO         2003    .text               mc_w.l(strstr.o)
    0x080073bc   0x00000018   Code   RO         2005    .text               mc_w.l(strncpy.o)
    0x080073d4   0x0000000e   Code   RO         2007    .text               mc_w.l(strlen.o)
    0x080073e2   0x00000018   Code   RO         2272    .text               mf_w.l(fscalb.o)
    0x080073fa   0x000000e4   Code   RO         2274    .text               mf_w.l(dmul.o)
    0x080074de   0x000000de   Code   RO         2276    .text               mf_w.l(ddiv.o)
    0x080075bc   0x0000000a   Code   RO         2278    .text               mf_w.l(ffltui.o)
    0x080075c6   0x0000001a   Code   RO         2280    .text               mf_w.l(dfltui.o)
    0x080075e0   0x00000018   Code   RO         2282    .text               mf_w.l(dfltul.o)
    0x080075f8   0x00000030   Code   RO         2284    .text               mf_w.l(dfixul.o)
    0x08007628   0x00000026   Code   RO         2286    .text               mf_w.l(f2d.o)
    0x0800764e   0x00000038   Code   RO         2288    .text               mf_w.l(d2f.o)
    0x08007686   0x0000002c   Code   RO         2305    .text               mc_w.l(uidiv.o)
    0x080076b2   0x0000001e   Code   RO         2307    .text               mc_w.l(llshl.o)
    0x080076d0   0x00000020   Code   RO         2309    .text               mc_w.l(llushr.o)
    0x080076f0   0x00000000   Code   RO         2311    .text               mc_w.l(iusefp.o)
    0x080076f0   0x0000006e   Code   RO         2312    .text               mf_w.l(fepilogue.o)
    0x0800775e   0x000000ba   Code   RO         2314    .text               mf_w.l(depilogue.o)
    0x08007818   0x0000014e   Code   RO         2316    .text               mf_w.l(dadd.o)
    0x08007966   0x00000002   PAD
    0x08007968   0x00000030   Code   RO         2318    .text               mf_w.l(cdrcmple.o)
    0x08007998   0x00000024   Code   RO         2320    .text               mc_w.l(init.o)
    0x080079bc   0x00000024   Code   RO         2322    .text               mc_w.l(llsshr.o)
    0x080079e0   0x00000056   Code   RO         2332    .text               mc_w.l(__dczerorl2.o)
    0x08007a36   0x00000002   PAD
    0x08007a38   0x00000020   Code   RO         2244    i.__0printf         mc_w.l(printfa.o)
    0x08007a58   0x00000028   Code   RO         2246    i.__0sprintf        mc_w.l(printfa.o)
    0x08007a80   0x0000000e   Code   RO         2326    i.__scatterload_copy  mc_w.l(handlers.o)
    0x08007a8e   0x00000002   Code   RO         2327    i.__scatterload_null  mc_w.l(handlers.o)
    0x08007a90   0x0000000e   Code   RO         2328    i.__scatterload_zeroinit  mc_w.l(handlers.o)
    0x08007a9e   0x00000002   PAD
    0x08007aa0   0x00000164   Code   RO         2251    i._fp_digits        mc_w.l(printfa.o)
    0x08007c04   0x000006dc   Code   RO         2252    i._printf_core      mc_w.l(printfa.o)
    0x080082e0   0x00000024   Code   RO         2253    i._printf_post_padding  mc_w.l(printfa.o)
    0x08008304   0x0000002e   Code   RO         2254    i._printf_pre_padding  mc_w.l(printfa.o)
    0x08008332   0x0000000a   Code   RO         2256    i._sputc            mc_w.l(printfa.o)
    0x0800833c   0x00000818   Data   RO         1009    .constdata          oled_i2c.o
    0x08008b54   0x00000400   Data   RO         1010    .constdata          oled_i2c.o
    0x08008f54   0x00000400   Data   RO         1011    .constdata          oled_i2c.o
    0x08009354   0x00000400   Data   RO         1012    .constdata          oled_i2c.o
    0x08009754   0x00000400   Data   RO         1013    .constdata          oled_i2c.o
    0x08009b54   0x00000400   Data   RO         1014    .constdata          oled_i2c.o
    0x08009f54   0x00000400   Data   RO         1015    .constdata          oled_i2c.o
    0x0800a354   0x00000400   Data   RO         1016    .constdata          oled_i2c.o
    0x0800a754   0x00000400   Data   RO         1017    .constdata          oled_i2c.o
    0x0800ab54   0x00000400   Data   RO         1018    .constdata          oled_i2c.o
    0x0800af54   0x00000400   Data   RO         1019    .constdata          oled_i2c.o
    0x0800b354   0x00000400   Data   RO         1020    .constdata          oled_i2c.o
    0x0800b754   0x00000400   Data   RO         1021    .constdata          oled_i2c.o
    0x0800bb54   0x00000400   Data   RO         1022    .constdata          oled_i2c.o
    0x0800bf54   0x00000400   Data   RO         1023    .constdata          oled_i2c.o
    0x0800c354   0x00000400   Data   RO         1024    .constdata          oled_i2c.o
    0x0800c754   0x00000400   Data   RO         1025    .constdata          oled_i2c.o
    0x0800cb54   0x00000400   Data   RO         1026    .constdata          oled_i2c.o
    0x0800cf54   0x00000400   Data   RO         1027    .constdata          oled_i2c.o
    0x0800d354   0x00000400   Data   RO         1028    .constdata          oled_i2c.o
    0x0800d754   0x00000009   Data   RO         1059    .constdata          xfs5152.o
    0x0800d75d   0x0000000b   Data   RO         1060    .constdata          xfs5152.o
    0x0800d768   0x0000000b   Data   RO         1061    .constdata          xfs5152.o
    0x0800d773   0x0000000b   Data   RO         1062    .constdata          xfs5152.o
    0x0800d77e   0x00000005   Data   RO         1063    .constdata          xfs5152.o
    0x0800d783   0x00000007   Data   RO         1064    .constdata          xfs5152.o
    0x0800d78a   0x00000007   Data   RO         1065    .constdata          xfs5152.o
    0x0800d791   0x00000007   Data   RO         1066    .constdata          xfs5152.o
    0x0800d798   0x00000007   Data   RO         1067    .constdata          xfs5152.o
    0x0800d79f   0x00000007   Data   RO         1068    .constdata          xfs5152.o
    0x0800d7a6   0x00000002   PAD
    0x0800d7a8   0x00000473   Data   RO          703    .conststring        main.o
    0x0800dc1b   0x00000001   PAD
    0x0800dc1c   0x00000150   Data   RO         1389    .conststring        los_task.o
    0x0800dd6c   0x00000020   Data   RO         2324    Region$$Table       anon$$obj.o


    Execution Region RW_IRAM1 (Base: 0x20000000, Size: 0x00000d28, Max: 0x0000c000, ABSOLUTE, COMPRESSED[0x000000a8])

    Base Addr    Size         Type   Attr      Idx    E Section Name        Object

    0x20000000   0x00000014   Data   RW           28    .data               system_stm32f10x.o
    0x20000014   0x00000014   Data   RW          531    .data               stm32f10x_rcc.o
    0x20000028   0x0000013c   Data   RW          704    .data               main.o
    0x20000164   0x00000001   Data   RW          705    .data               main.o
    0x20000165   0x00000080   Data   RW         1029    .data               oled_i2c.o
    0x200001e5   0x00000001   PAD
    0x200001e6   0x00000002   Data   RW         1167    .data               bsp_adc.o
    0x200001e8   0x00000004   Data   RW         1278    .data               los_priqueue.o
    0x200001ec   0x00000010   Data   RW         1325    .data               los_swtmr.o
    0x200001fc   0x00000048   Data   RW         1390    .data               los_task.o
    0x20000244   0x00000004   PAD
    0x20000248   0x00000010   Data   RW         1437    .data               los_tick.o
    0x20000258   0x00000004   Data   RW         1440    .data               los_tick.o
    0x2000025c   0x0000000c   Data   RW         1541    .data               los_mux.o
    0x20000268   0x0000000c   Data   RW         1577    .data               los_queue.o
    0x20000274   0x0000000c   Data   RW         1607    .data               los_sem.o
    0x20000280   0x00000010   Data   RW         1640    .data               los_heap.o
    0x20000290   0x00000004   Data   RW         1718    .data               los_err.o
    0x20000294   0x00000004   Data   RW         1751    .data               los_init.o
    0x20000298   0x00000004   Data   RW         1806    .data               los_memory.o
    0x2000029c   0x00000004   Data   RW         2304    .data               mc_w.l(stdout.o)
    0x200002a0   0x0000012a   Zero   RW          702    .bss                main.o
    0x200003ca   0x00000402   Zero   RW         1103    .bss                bsp_esp8266.o
    0x200007cc   0x00000156   Zero   RW         1388    .bss                los_task.o
    0x20000922   0x00000006   PAD
    0x20000928   0x00000400   Zero   RW            1    STACK               startup_stm32f10x_hd.o


==============================================================================

Image component sizes


      Code (inc. data)   RO Data    RW Data    ZI Data      Debug   Object Name

       256         16          0          2          0       1189   bsp_adc.o
        56          6          0          0          0        515   bsp_beep.o
      1868        506          0          0       1026       8565   bsp_esp8266.o
        96          8          0          0          0       1075   bsp_key.o
        96          4          0          0          0        538   bsp_led.o
      1084         20          0          0          0       5520   bsp_spi_flash.o
       880         28          0          0          0       3800   bsp_usart.o
         0          0          0          0          0       2426   cmsis_liteos.o
       320          0          0          0          0       2419   common.o
         0          0          0          0          0       4504   core_cm3.o
       208         26          0          0          0        400   los_dispatch_keil.o
        44         10          0          4          0       2394   los_err.o
       508         14          0          0          0      12239   los_event.o
       776         82          0         16          0       4797   los_heap.o
       212         14          0          0          0       1773   los_hw.o
       308         20          0          0          0      24585   los_hw_tick.o
        14          0          0          0          0       2225   los_hwi.o
       332        132          0          4          0       1981   los_init.o
       228         42          0          0          0       2470   los_membox.o
       632         68          0          4          0       5819   los_memory.o
        60          0          0          0          0        919   los_misc.o
       908         90          0         12          0       5068   los_mux.o
       188         10          0          4          0      11374   los_priqueue.o
      1796         80          0         12          0      11817   los_queue.o
       884        124          0         12          0       5564   los_sem.o
      1204         36          0         16          0       8226   los_swtmr.o
       232         20          0          0          0       2333   los_sys.o
      3980        396        336         72        342      23768   los_task.o
        40          4          0         20          0       1140   los_tick.o
      4572       1578       1139        317        298      22177   main.o
       184         12          0          0          0       1969   misc.o
      1012         32      21528        128          0       5380   oled_i2c.o
        36          8        304          0       1024        868   startup_stm32f10x_hd.o
       904         24          0          0          0      11793   stm32f10x_adc.o
       488         10          0          0          0       4814   stm32f10x_dma.o
       664         36          0          0          0       6233   stm32f10x_gpio.o
       912         14          0          0          0       9903   stm32f10x_i2c.o
       216         36          0          0          0       2118   stm32f10x_it.o
       756         32          0         20          0       9372   stm32f10x_rcc.o
       692         12          0          0          0       7142   stm32f10x_spi.o
       924         20          0          0          0       9184   stm32f10x_usart.o
       372         34          0         20          0     263827   system_stm32f10x.o
       156          4         82          0          0       2309   xfs5152.o

    ----------------------------------------------------------------------
     29098       3608      23424        668       2696     516532   Object Totals
         0          0         32          0          0          0   (incl. Generated)
         0          0          3          5          6          0   (incl. Padding)

    ----------------------------------------------------------------------

      Code (inc. data)   RO Data    RW Data    ZI Data      Debug   Library Member Name

        86          0          0          0          0          0   __dczerorl2.o
         0          0          0          0          0          0   entry.o
         0          0          0          0          0          0   entry10a.o
         0          0          0          0          0          0   entry11a.o
         8          4          0          0          0          0   entry2.o
         4          0          0          0          0          0   entry5.o
         0          0          0          0          0          0   entry7b.o
         0          0          0          0          0          0   entry8b.o
         8          4          0          0          0          0   entry9a.o
        30          0          0          0          0          0   handlers.o
        36          8          0          0          0         68   init.o
         0          0          0          0          0          0   iusefp.o
        30          0          0          0          0         68   llshl.o
        36          0          0          0          0         68   llsshr.o
        32          0          0          0          0         68   llushr.o
        36          0          0          0          0         68   memcpya.o
        36          0          0          0          0        108   memseta.o
      2276         96          0          0          0        596   printfa.o
         0          0          0          4          0          0   stdout.o
        14          0          0          0          0         68   strlen.o
        24          0          0          0          0         76   strncpy.o
        36          0          0          0          0         80   strstr.o
        44          0          0          0          0         80   uidiv.o
        98          0          0          0          0         92   uldiv.o
        48          0          0          0          0         68   cdrcmple.o
        56          0          0          0          0         88   d2f.o
       334          0          0          0          0        148   dadd.o
       222          0          0          0          0        100   ddiv.o
       186          0          0          0          0        176   depilogue.o
        48          0          0          0          0         68   dfixul.o
        26          0          0          0          0         76   dfltui.o
        24          0          0          0          0         76   dfltul.o
       228          0          0          0          0         96   dmul.o
        38          0          0          0          0         68   f2d.o
       110          0          0          0          0        168   fepilogue.o
        10          0          0          0          0         68   ffltui.o
        24          0          0          0          0         68   fscalb.o

    ----------------------------------------------------------------------
      4194        112          0          4          0       2708   Library Totals
         6          0          0          0          0          0   (incl. Padding)

    ----------------------------------------------------------------------

      Code (inc. data)   RO Data    RW Data    ZI Data      Debug   Library Name

      2834        112          0          4          0       1440   mc_w.l
      1354          0          0          0          0       1268   mf_w.l

    ----------------------------------------------------------------------
      4194        112          0          4          0       2708   Library Totals

    ----------------------------------------------------------------------

==============================================================================


      Code (inc. data)   RO Data    RW Data    ZI Data      Debug   

     33292       3720      23424        672       2696     514168   Grand Totals
     33292       3720      23424        168       2696     514168   ELF Image Totals (compressed)
     33292       3720      23424        168          0          0   ROM Totals

==============================================================================

    Total RO  Size (Code + RO Data)                56716 (  55.39kB)
    Total RW  Size (RW Data + ZI Data)              3368 (   3.29kB)
    Total ROM Size (Code + RO Data + RW Data)      56884 (  55.55kB)

==============================================================================

